// Jest Snapshot v1, https://goo.gl/fbAQLP

exports[`VideoPlayerFullscreen renders properly 1`] = `
<div
  className="player"
  style={
    Object {
      "backgroundColor": "#D8D3BD",
    }
  }
>
  <video
    className="player__video"
    poster="https://htmlacademy-react-2.appspot.com/wtw/static/film/background/Orlando.jpg"
    src="http://media.xiph.org/mango/tears_of_steel_1080p.webm"
  />
  <button
    className="player__exit"
    onClick={[Function]}
    type="button"
  >
    Exit
  </button>
  <div
    className="player__controls"
  >
    <div
      className="player__controls-row"
    >
      <div
        className="player__time"
      >
        <progress
          className="player__progress"
          max="100"
          value={0}
        />
        <div
          className="player__toggler"
          style={
            Object {
              "left": "0%",
            }
          }
        >
          Toggler
        </div>
      </div>
      <div
        className="player__time-value"
      >
        00:00:00
      </div>
    </div>
    <div
      className="player__controls-row"
    >
      <button
        className="player__play"
        onClick={[Function]}
        type="button"
      >
        <PlaySIcon />
        <span
          className="test-btn-play-text"
        >
          Play
        </span>
      </button>
      <div
        className="player__name"
      >
        Orlando
      </div>
      <button
        className="player__full-screen"
        onClick={[Function]}
        type="button"
      >
        <FullScreenIcon />
        <span>
          Full screen
        </span>
      </button>
    </div>
  </div>
</div>
`;
