// Jest Snapshot v1, https://goo.gl/fbAQLP

exports[`GenresList renders properly 1`] = `
<GenresList
  activeGenre="Genre 2"
  genres={
    Array [
      "Genre 1",
      "Genre 2",
      "Genre 3",
      "Genre 4",
    ]
  }
  onGenreClick={[Function]}
>
  <ul
    className="catalog__genres-list"
  >
    <GenresItem
      active={false}
      key="0"
      onClick={[MockFunction]}
      text="Genre 1"
    >
      <li
        className="catalog__genres-item"
      >
        <a
          className="catalog__genres-link"
          href="/"
          onClick={[MockFunction]}
        >
          Genre 1
        </a>
      </li>
    </GenresItem>
    <GenresItem
      active={true}
      key="1"
      onClick={[MockFunction]}
      text="Genre 2"
    >
      <li
        className="catalog__genres-item catalog__genres-item--active"
      >
        <a
          className="catalog__genres-link"
          href="/"
          onClick={[MockFunction]}
        >
          Genre 2
        </a>
      </li>
    </GenresItem>
    <GenresItem
      active={false}
      key="2"
      onClick={[MockFunction]}
      text="Genre 3"
    >
      <li
        className="catalog__genres-item"
      >
        <a
          className="catalog__genres-link"
          href="/"
          onClick={[MockFunction]}
        >
          Genre 3
        </a>
      </li>
    </GenresItem>
    <GenresItem
      active={false}
      key="3"
      onClick={[MockFunction]}
      text="Genre 4"
    >
      <li
        className="catalog__genres-item"
      >
        <a
          className="catalog__genres-link"
          href="/"
          onClick={[MockFunction]}
        >
          Genre 4
        </a>
      </li>
    </GenresItem>
  </ul>
</GenresList>
`;
