// Jest Snapshot v1, https://goo.gl/fbAQLP

exports[`MovieCard renders properly 1`] = `
<article
  className="small-movie-card catalog__movies-card"
  onMouseEnter={[Function]}
  onMouseLeave={[Function]}
>
  <div
    className="small-movie-card__image"
  >
    <VideoPlayer
      delay={1000}
      play={false}
      poster={
        Object {
          "alt": "Fantastic Beasts: The Crimes of Grindelwald",
          "height": 175,
          "src": "fantastic-beasts-the-crimes-of-grindelwald.jpg",
          "width": 280,
        }
      }
      src="https://st.depositphotos.com/1100827/3666/v/600/depositphotos_36660843-stock-video-girl-leans-back-among-the.mp4"
    />
  </div>
  <h3
    className="small-movie-card__title"
  >
    <a
      className="small-movie-card__link"
      href="movie-page.html"
    >
      Fantastic Beasts: The Crimes of Grindelwald
    </a>
  </h3>
</article>
`;
