// Jest Snapshot v1, https://goo.gl/fbAQLP

exports[`Tabs renders properly 1`] = `
<Fragment>
  <nav
    className="movie-nav movie-card__nav"
  >
    <ul
      className="movie-nav__list"
    >
      <li
        className="movie-nav__item movie-nav__item--active"
        key="1"
      >
        <a
          className="movie-nav__link"
          href="#"
          onClick={[Function]}
        >
          Tab 1
        </a>
      </li>
      <li
        className="movie-nav__item"
        key="2"
      >
        <a
          className="movie-nav__link"
          href="#"
          onClick={[Function]}
        >
          Tab 2
        </a>
      </li>
    </ul>
  </nav>
  <div
    hidden={false}
    key="1"
  >
    <TabPane
      index="1"
      tab="Tab 1"
    >
      Tab content 1
    </TabPane>
  </div>
  <div
    hidden={true}
    key="2"
  >
    <TabPane
      index="2"
      tab="Tab 2"
    >
      Tab content 2
    </TabPane>
  </div>
</Fragment>
`;
